Archive member included because of file (symbol)

.\CortexM3\ARM_GCC_493\Debug\Programmer.a(cyfitter_cfg.o)
                              .\CortexM3\ARM_GCC_493\Debug\Cm3Start.o (cyfitter_cfg)
.\CortexM3\ARM_GCC_493\Debug\Programmer.a(Pin_SWDCK.o)
                              .\CortexM3\ARM_GCC_493\Debug\main.o (Pin_SWDCK_Write)
.\CortexM3\ARM_GCC_493\Debug\Programmer.a(Pin_XRES.o)
                              .\CortexM3\ARM_GCC_493\Debug\main.o (Pin_XRES_SetDriveMode)
.\CortexM3\ARM_GCC_493\Debug\Programmer.a(Pin_SWDIO.o)
                              .\CortexM3\ARM_GCC_493\Debug\main.o (Pin_SWDIO_Write)
.\CortexM3\ARM_GCC_493\Debug\Programmer.a(LCD_Char.o)
                              .\CortexM3\ARM_GCC_493\Debug\main.o (LCD_Char_Position)
.\CortexM3\ARM_GCC_493\Debug\Programmer.a(Pin_Start.o)
                              .\CortexM3\ARM_GCC_493\Debug\main.o (Pin_Start_Read)
.\CortexM3\ARM_GCC_493\Debug\Programmer.a(CyLib.o)
                              .\CortexM3\ARM_GCC_493\Debug\Cm3Start.o (CyResetStatus)
.\CortexM3\ARM_GCC_493\Debug\Programmer.a(cyPm.o)
                              .\CortexM3\ARM_GCC_493\Debug\Programmer.a(CyLib.o) (CyPmReadStatus)
.\CortexM3\ARM_GCC_493\Debug\Programmer.a(LED_R.o)
                              .\CortexM3\ARM_GCC_493\Debug\main.o (LED_R_Write)
.\CortexM3\ARM_GCC_493\Debug\Programmer.a(LED_G.o)
                              .\CortexM3\ARM_GCC_493\Debug\main.o (LED_G_Write)
.\CortexM3\ARM_GCC_493\Debug\Programmer.a(LED_B.o)
                              .\CortexM3\ARM_GCC_493\Debug\main.o (LED_B_Write)
.\CortexM3\ARM_GCC_493\Debug\Programmer.a(PWM.o)
                              .\CortexM3\ARM_GCC_493\Debug\main.o (PWM_Start)
.\CortexM3\ARM_GCC_493\Debug\Programmer.a(LED_R_GND.o)
                              .\CortexM3\ARM_GCC_493\Debug\main.o (LED_R_GND_Write)
.\CortexM3\ARM_GCC_493\Debug\Programmer.a(Control_Reg.o)
                              .\CortexM3\ARM_GCC_493\Debug\main.o (Control_Reg_Write)
.\CortexM3\ARM_GCC_493\Debug\Programmer.a(Pin_Power.o)
                              .\CortexM3\ARM_GCC_493\Debug\main.o (Pin_Power_Write)
.\CortexM3\ARM_GCC_493\Debug\Programmer.a(CyBootAsmGnu.o)
                              .\CortexM3\ARM_GCC_493\Debug\Programmer.a(cyfitter_cfg.o) (CyDelayCycles)
.\CortexM3\ARM_GCC_493\Debug\Programmer.a(CyFlash.o)
                              .\CortexM3\ARM_GCC_493\Debug\Programmer.a(cyPm.o) (CyFlash_SetWaitCycles)
.\CortexM3\ARM_GCC_493\Debug\Programmer.a(CySpc.o)
                              .\CortexM3\ARM_GCC_493\Debug\Programmer.a(CyFlash.o) (CySpcStart)
c:/program files/cypress/psoc creator/4.0/psoc creator/import/gnu/arm/4.9.3/bin/../lib/gcc/arm-none-eabi/4.9.3/../../../../arm-none-eabi/lib/armv7-m\libg_nano.a(lib_a-errno.o)
                              .\CortexM3\ARM_GCC_493\Debug\Cm3Start.o (__errno)
c:/program files/cypress/psoc creator/4.0/psoc creator/import/gnu/arm/4.9.3/bin/../lib/gcc/arm-none-eabi/4.9.3/../../../../arm-none-eabi/lib/armv7-m\libg_nano.a(lib_a-exit.o)
                              c:/program files/cypress/psoc creator/4.0/psoc creator/import/gnu/arm/4.9.3/bin/../lib/gcc/arm-none-eabi/4.9.3/../../../../arm-none-eabi/lib/armv7-m/crt0.o (exit)
c:/program files/cypress/psoc creator/4.0/psoc creator/import/gnu/arm/4.9.3/bin/../lib/gcc/arm-none-eabi/4.9.3/../../../../arm-none-eabi/lib/armv7-m\libg_nano.a(lib_a-impure.o)
                              c:/program files/cypress/psoc creator/4.0/psoc creator/import/gnu/arm/4.9.3/bin/../lib/gcc/arm-none-eabi/4.9.3/../../../../arm-none-eabi/lib/armv7-m\libg_nano.a(lib_a-exit.o) (_global_impure_ptr)
c:/program files/cypress/psoc creator/4.0/psoc creator/import/gnu/arm/4.9.3/bin/../lib/gcc/arm-none-eabi/4.9.3/../../../../arm-none-eabi/lib/armv7-m\libg_nano.a(lib_a-init.o)
                              c:/program files/cypress/psoc creator/4.0/psoc creator/import/gnu/arm/4.9.3/bin/../lib/gcc/arm-none-eabi/4.9.3/../../../../arm-none-eabi/lib/armv7-m/crt0.o (__libc_init_array)
c:/program files/cypress/psoc creator/4.0/psoc creator/import/gnu/arm/4.9.3/bin/../lib/gcc/arm-none-eabi/4.9.3/../../../../arm-none-eabi/lib/armv7-m\libg_nano.a(lib_a-memcpy.o)
                              .\CortexM3\ARM_GCC_493\Debug\Programmer.a(cyfitter_cfg.o) (memcpy)
c:/program files/cypress/psoc creator/4.0/psoc creator/import/gnu/arm/4.9.3/bin/../lib/gcc/arm-none-eabi/4.9.3/../../../../arm-none-eabi/lib/armv7-m\libg_nano.a(lib_a-memset.o)
                              c:/program files/cypress/psoc creator/4.0/psoc creator/import/gnu/arm/4.9.3/bin/../lib/gcc/arm-none-eabi/4.9.3/../../../../arm-none-eabi/lib/armv7-m/crt0.o (memset)

Allocating common symbols
Common symbol       size              file

swd_PacketData      0x4               .\CortexM3\ARM_GCC_493\Debug\SWD_PacketLayer.o
flow                0x1               .\CortexM3\ARM_GCC_493\Debug\ProgrammingSteps.o
swd_PacketAck       0x1               .\CortexM3\ARM_GCC_493\Debug\SWD_PacketLayer.o
[...]
Memory Configuration

Name             Origin             Length             Attributes
rom              0x00000000         0x00040000         xr
ram              0x1fff8000         0x00010000         xrw
*default*        0x00000000         0xffffffff

Linker script and memory map

LOAD c:/program files/cypress/psoc creator/4.0/psoc creator/import/gnu/arm/4.9.3/bin/../lib/gcc/arm-none-eabi/4.9.3/armv7-m/crti.o
LOAD c:/program files/cypress/psoc creator/4.0/psoc creator/import/gnu/arm/4.9.3/bin/../lib/gcc/arm-none-eabi/4.9.3/armv7-m/crtbegin.o
LOAD c:/program files/cypress/psoc creator/4.0/psoc creator/import/gnu/arm/4.9.3/bin/../lib/gcc/arm-none-eabi/4.9.3/../../../../arm-none-eabi/lib/armv7-m/crt0.o
START GROUP
LOAD .\CortexM3\ARM_GCC_493\Debug\main.o
LOAD .\CortexM3\ARM_GCC_493\Debug\SWD_PhysicalLayer.o
LOAD .\CortexM3\ARM_GCC_493\Debug\SWD_PacketLayer.o
LOAD .\CortexM3\ARM_GCC_493\Debug\ProgrammingSteps.o
LOAD .\CortexM3\ARM_GCC_493\Debug\SWD_UpperPacketLayer.o
LOAD .\CortexM3\ARM_GCC_493\Debug\Timeout.o
LOAD .\CortexM3\ARM_GCC_493\Debug\DataFetch.o
LOAD .\CortexM3\ARM_GCC_493\Debug\HexImage.o
LOAD .\CortexM3\ARM_GCC_493\Debug\cymetadata.o
LOAD .\CortexM3\ARM_GCC_493\Debug\Cm3Start.o
LOAD .\CortexM3\ARM_GCC_493\Debug\Programmer.a
LOAD C:\Program Files\Cypress\PSoC Creator\4.0\PSoC Creator\psoc\content\cycomponentlibrary\CyComponentLibrary.cylib\CortexM3\ARM_GCC_493\Debug\CyComponentLibrary.a
END GROUP
START GROUP
LOAD c:/program files/cypress/psoc creator/4.0/psoc creator/import/gnu/arm/4.9.3/bin/../lib/gcc/arm-none-eabi/4.9.3/armv7-m\libgcc.a
LOAD c:/program files/cypress/psoc creator/4.0/psoc creator/import/gnu/arm/4.9.3/bin/../lib/gcc/arm-none-eabi/4.9.3/../../../../arm-none-eabi/lib/armv7-m\libg_nano.a
LOAD c:/program files/cypress/psoc creator/4.0/psoc creator/import/gnu/arm/4.9.3/bin/../lib/gcc/arm-none-eabi/4.9.3/../../../../arm-none-eabi/lib/armv7-m\libc_nano.a
END GROUP
START GROUP
LOAD c:/program files/cypress/psoc creator/4.0/psoc creator/import/gnu/arm/4.9.3/bin/../lib/gcc/arm-none-eabi/4.9.3/armv7-m\libgcc.a
LOAD c:/program files/cypress/psoc creator/4.0/psoc creator/import/gnu/arm/4.9.3/bin/../lib/gcc/arm-none-eabi/4.9.3/../../../../arm-none-eabi/lib/armv7-m\libc_nano.a
END GROUP
LOAD c:/program files/cypress/psoc creator/4.0/psoc creator/import/gnu/arm/4.9.3/bin/../lib/gcc/arm-none-eabi/4.9.3/armv7-m/crtend.o
LOAD c:/program files/cypress/psoc creator/4.0/psoc creator/import/gnu/arm/4.9.3/bin/../lib/gcc/arm-none-eabi/4.9.3/armv7-m/crtn.o
START GROUP
LOAD c:/program files/cypress/psoc creator/4.0/psoc creator/import/gnu/arm/4.9.3/bin/../lib/gcc/arm-none-eabi/4.9.3/armv7-m\libgcc.a
LOAD c:/program files/cypress/psoc creator/4.0/psoc creator/import/gnu/arm/4.9.3/bin/../lib/gcc/arm-none-eabi/4.9.3/../../../../arm-none-eabi/lib/armv7-m\libc.a
LOAD c:/program files/cypress/psoc creator/4.0/psoc creator/import/gnu/arm/4.9.3/bin/../lib/gcc/arm-none-eabi/4.9.3/../../../../arm-none-eabi/lib/armv7-m\libnosys.a
END GROUP
                0x00000000                CY_APPL_ORIGIN = 0x0
                0x00000100                CY_FLASH_ROW_SIZE = 0x100
                0x00000020                CY_ECC_ROW_SIZE = 0x20
                0x00000000                CY_EE_IN_BTLDR = 0x0
                0x00000000                CY_APPL_LOADABLE = 0x0
                0x00000800                CY_EE_SIZE = 0x800
                0x00000001                CY_APPL_NUM = 0x1
                0x00000001                CY_APPL_MAX = 0x1
                0x00000040                CY_METADATA_SIZE = 0x40
                0x00000000                CY_APPL_LOADABLE = 0x0
                0x00000000                CY_CHECKSUM_EXCLUDE_SIZE = ALIGN (0x0, CY_FLASH_ROW_SIZE)
                0x1fff81b8                PROVIDE (__cy_heap_start, _end)
                0x00000001                PROVIDE (__cy_region_num, ((__cy_regions_end - __cy_regions) / 0x10))
                0x20008000                PROVIDE (__cy_stack, (ORIGIN (ram) + 0x10000))
                0x20004000                PROVIDE (__cy_heap_end, (__cy_stack - 0x4000))

.cybootloader   0x00000000        0x0
 *(.cybootloader)
                0x00000000                appl1_start = CY_APPL_ORIGIN?CY_APPL_ORIGIN:ALIGN (CY_FLASH_ROW_SIZE)
                0x0001ff00                appl2_start = (appl1_start + ALIGN ((((0x40000 - appl1_start) - (0x2 * CY_FLASH_ROW_SIZE)) / 0x2), CY_FLASH_ROW_SIZE))
                0x00000000                appl_start = (CY_APPL_NUM == 0x1)?appl1_start:appl2_start
                0x00000000                ecc_offset = ((appl_start / CY_FLASH_ROW_SIZE) * CY_ECC_ROW_SIZE)
                0x00000000                ee_offset = (CY_APPL_LOADABLE && ! (CY_EE_IN_BTLDR))?((CY_EE_SIZE / CY_APPL_MAX) * (CY_APPL_NUM - 0x1)):0x0
                0x00000800                ee_size = (CY_APPL_LOADABLE && ! (CY_EE_IN_BTLDR))?(CY_EE_SIZE / CY_APPL_MAX):CY_EE_SIZE
                0x00000000                PROVIDE (CY_ECC_OFFSET, ecc_offset)

.text           0x00000000     0x23a6
 CREATE_OBJECT_SYMBOLS
                0x00000000                PROVIDE (__cy_interrupt_vector, RomVectors)
 *(.romvectors)
 .romvectors    0x00000000       0x10 .\CortexM3\ARM_GCC_493\Debug\Cm3Start.o
                0x00000000                RomVectors
                0x00000001                ASSERT ((. != __cy_interrupt_vector), No interrupt vector)
                0x00000001                ASSERT (CY_APPL_ORIGIN?(SIZEOF (.cybootloader) <= CY_APPL_ORIGIN):0x1, Wrong image location)
                0x00000010                PROVIDE (__cy_reset, Reset)
 *(.text.Reset)
 .text.Reset    0x00000010       0x18 .\CortexM3\ARM_GCC_493\Debug\Cm3Start.o
                0x00000010                Reset
                0x00000001                ASSERT ((. != __cy_reset), No reset code)
 *(.dma_init)
                0x00000001                ASSERT ((((appl_start + .) <= 0x10000) || 0x1), DMA Init must be within the first 64k of flash)
 *(.text .text.* .gnu.linkonce.t.*)
 .text          0x00000028       0x5c c:/program files/cypress/psoc creator/4.0/psoc creator/import/gnu/arm/4.9.3/bin/../lib/gcc/arm-none-eabi/4.9.3/armv7-m/crtbegin.o
 .text.main     0x00000084       0xb0 .\CortexM3\ARM_GCC_493\Debug\main.o
                0x00000084                main
 .text.ProgramDevice
                0x00000134      0x184 .\CortexM3\ARM_GCC_493\Debug\main.o
                0x00000134                ProgramDevice
 .text.SetSwdckCmosOutput
                0x000002b8       0x2c .\CortexM3\ARM_GCC_493\Debug\SWD_PhysicalLayer.o
                0x000002b8                SetSwdckCmosOutput
 .text.SetSwdckHizInput
                0x000002e4       0x2c .\CortexM3\ARM_GCC_493\Debug\SWD_PhysicalLayer.o
                0x000002e4                SetSwdckHizInput
 .text.SetSwdioCmosOutput
                0x00000310       0x2c .\CortexM3\ARM_GCC_493\Debug\SWD_PhysicalLayer.o
                0x00000310                SetSwdioCmosOutput
 .text.SetSwdioHizInput
                0x0000033c       0x2c .\CortexM3\ARM_GCC_493\Debug\SWD_PhysicalLayer.o
                0x0000033c                SetSwdioHizInput
 .text.SetXresCmosOutput
                0x00000368       0x2c .\CortexM3\ARM_GCC_493\Debug\SWD_PhysicalLayer.o
                0x00000368                SetXresCmosOutput
 .text.SetXresHizInput
                0x00000394       0x2c .\CortexM3\ARM_GCC_493\Debug\SWD_PhysicalLayer.o
                0x00000394                SetXresHizInput
 .text.SetSwdckHigh
                0x000003c0       0x20 .\CortexM3\ARM_GCC_493\Debug\SWD_PhysicalLayer.o
                0x000003c0                SetSwdckHigh
 .text.SetSwdckLow
                0x000003e0       0x20 .\CortexM3\ARM_GCC_493\Debug\SWD_PhysicalLayer.o
                0x000003e0                SetSwdckLow
 .text.SetSwdioHigh
                0x00000400       0x20 .\CortexM3\ARM_GCC_493\Debug\SWD_PhysicalLayer.o
                0x00000400                SetSwdioHigh
 .text.SetSwdioLow
                0x00000420       0x20 .\CortexM3\ARM_GCC_493\Debug\SWD_PhysicalLayer.o
                0x00000420                SetSwdioLow
 .text.SetXresHigh
                0x00000440       0x20 .\CortexM3\ARM_GCC_493\Debug\SWD_PhysicalLayer.o
                0x00000440                SetXresHigh
 .text.SetXresLow
                0x00000460       0x20 .\CortexM3\ARM_GCC_493\Debug\SWD_PhysicalLayer.o
                0x00000460                SetXresLow
 .text.ReadSwdio
                0x00000480       0x24 .\CortexM3\ARM_GCC_493\Debug\SWD_PhysicalLayer.o
                0x00000480                ReadSwdio
 .text.Swd_SendByte
                0x000004a4       0x50 .\CortexM3\ARM_GCC_493\Debug\SWD_PacketLayer.o
 .text.Swd_ReceiveByte
                0x000004f4       0x78 .\CortexM3\ARM_GCC_493\Debug\SWD_PacketLayer.o
 .text.Swd_FirstTurnAroundPhase
                0x0000056c       0x14 .\CortexM3\ARM_GCC_493\Debug\SWD_PacketLayer.o
 .text.Swd_SecondTurnAroundPhase
                0x00000580       0x14 .\CortexM3\ARM_GCC_493\Debug\SWD_PacketLayer.o
 .text.Swd_GetAckSegment
                0x00000594       0x50 .\CortexM3\ARM_GCC_493\Debug\SWD_PacketLayer.o
 .text.Swd_SendParity
                0x000005e4       0x28 .\CortexM3\ARM_GCC_493\Debug\SWD_PacketLayer.o
 .text.Swd_ReceiveParity
                0x0000060c       0x20 .\CortexM3\ARM_GCC_493\Debug\SWD_PacketLayer.o
 .text.Swd_SendDummyClocks
                0x0000062c       0x2c .\CortexM3\ARM_GCC_493\Debug\SWD_PacketLayer.o
 .text.Swd_CountOneBits
                0x00000658       0x44 .\CortexM3\ARM_GCC_493\Debug\SWD_PacketLayer.o
 .text.Swd_ComputeDataParity
                0x0000069c       0x48 .\CortexM3\ARM_GCC_493\Debug\SWD_PacketLayer.o
 .text.Swd_ReadPacket
                0x000006e4       0xa0 .\CortexM3\ARM_GCC_493\Debug\SWD_PacketLayer.o
                0x000006e4                Swd_ReadPacket
 .text.Swd_WritePacket
                0x00000784       0x80 .\CortexM3\ARM_GCC_493\Debug\SWD_PacketLayer.o
                0x00000784                Swd_WritePacket
 .text.Swd_LineReset
                0x00000804       0x88 .\CortexM3\ARM_GCC_493\Debug\SWD_PacketLayer.o
                0x00000804                Swd_LineReset
 .text.PollSromStatus
                0x0000088c       0x9c .\CortexM3\ARM_GCC_493\Debug\ProgrammingSteps.o
                0x0000088c                PollSromStatus
 .text.ReadSromStatus
                0x00000928       0x18 .\CortexM3\ARM_GCC_493\Debug\ProgrammingSteps.o
                0x00000928                ReadSromStatus
 .text.GetChipProtectionVal
                0x00000940       0x94 .\CortexM3\ARM_GCC_493\Debug\ProgrammingSteps.o
                0x00000940                GetChipProtectionVal
 .text.GetTransitionMode
                0x000009d4       0xa4 .\CortexM3\ARM_GCC_493\Debug\ProgrammingSteps.o
                0x000009d4                GetTransitionMode
 .text.LoadLatch
                0x00000a78      0x124 .\CortexM3\ARM_GCC_493\Debug\ProgrammingSteps.o
                0x00000a78                LoadLatch
 .text.ChecksumAPI
                0x00000b9c       0xac .\CortexM3\ARM_GCC_493\Debug\ProgrammingSteps.o
                0x00000b9c                ChecksumAPI
 .text.DeviceAcquire
                0x00000c48      0x134 .\CortexM3\ARM_GCC_493\Debug\ProgrammingSteps.o
                0x00000c48                DeviceAcquire
 .text.VerifySiliconId
                0x00000d7c      0x100 .\CortexM3\ARM_GCC_493\Debug\ProgrammingSteps.o
                0x00000d7c                VerifySiliconId
 .text.EraseAllFlash
                0x00000e7c      0x124 .\CortexM3\ARM_GCC_493\Debug\ProgrammingSteps.o
                0x00000e7c                EraseAllFlash
 .text.ChecksumPrivileged
                0x00000fa0       0x30 .\CortexM3\ARM_GCC_493\Debug\ProgrammingSteps.o
                0x00000fa0                ChecksumPrivileged
 .text.ProgramFlash
                0x00000fd0      0x120 .\CortexM3\ARM_GCC_493\Debug\ProgrammingSteps.o
                0x00000fd0                ProgramFlash
 .text.VerifyFlash
                0x000010f0      0x130 .\CortexM3\ARM_GCC_493\Debug\ProgrammingSteps.o
                0x000010f0                VerifyFlash
 .text.ProgramProtectionSettings
                0x00001220      0x120 .\CortexM3\ARM_GCC_493\Debug\ProgrammingSteps.o
                0x00001220                ProgramProtectionSettings
 .text.VerifyChecksum
                0x00001340       0x7c .\CortexM3\ARM_GCC_493\Debug\ProgrammingSteps.o
                0x00001340                VerifyChecksum
 .text.ReadHsspErrorStatus
                0x000013bc       0x18 .\CortexM3\ARM_GCC_493\Debug\ProgrammingSteps.o
                0x000013bc                ReadHsspErrorStatus
 .text.ExitProgrammingMode
                0x000013d4       0x28 .\CortexM3\ARM_GCC_493\Debug\ProgrammingSteps.o
                0x000013d4                ExitProgrammingMode
 .text.Read_DAP
                0x000013fc       0x54 .\CortexM3\ARM_GCC_493\Debug\SWD_UpperPacketLayer.o
                0x000013fc                Read_DAP
 .text.Write_DAP
                0x00001450       0x4c .\CortexM3\ARM_GCC_493\Debug\SWD_UpperPacketLayer.o
                0x00001450                Write_DAP
 .text.Read_IO  0x0000149c       0x5c .\CortexM3\ARM_GCC_493\Debug\SWD_UpperPacketLayer.o
                0x0000149c                Read_IO
 .text.Write_IO
                0x000014f8       0x48 .\CortexM3\ARM_GCC_493\Debug\SWD_UpperPacketLayer.o
                0x000014f8                Write_IO
 .text.DelayHundredUs
                0x00001540       0x24 .\CortexM3\ARM_GCC_493\Debug\Timeout.o
                0x00001540                DelayHundredUs
 .text.HEX_ReadSiliconId
                0x00001564       0x44 .\CortexM3\ARM_GCC_493\Debug\DataFetch.o
                0x00001564                HEX_ReadSiliconId
 .text.HEX_ReadRowData
                0x000015a8       0xa4 .\CortexM3\ARM_GCC_493\Debug\DataFetch.o
                0x000015a8                HEX_ReadRowData
 .text.HEX_ReadChipProtectionData
                0x0000164c       0x20 .\CortexM3\ARM_GCC_493\Debug\DataFetch.o
                0x0000164c                HEX_ReadChipProtectionData
 .text.HEX_ReadRowProtectionData
                0x0000166c       0x4c .\CortexM3\ARM_GCC_493\Debug\DataFetch.o
                0x0000166c                HEX_ReadRowProtectionData
 .text.HEX_ReadChecksumData
                0x000016b8       0x4c .\CortexM3\ARM_GCC_493\Debug\DataFetch.o
                0x000016b8                HEX_ReadChecksumData
 .text.GetFlashRowCount
                0x00001704       0x14 .\CortexM3\ARM_GCC_493\Debug\DataFetch.o
                0x00001704                GetFlashRowCount
 .text.IntDefaultHandler
                0x00001718       0x14 .\CortexM3\ARM_GCC_493\Debug\Cm3Start.o
                0x00001718                IntDefaultHandler
 .text.Start_c  0x0000172c       0x98 .\CortexM3\ARM_GCC_493\Debug\Cm3Start.o
                0x0000172c                Start_c
 .text.initialize_psoc
                0x000017c4       0x8c .\CortexM3\ARM_GCC_493\Debug\Cm3Start.o
                0x000017c4                initialize_psoc
 .text.CYMEMZERO
                0x00001850       0x1c .\CortexM3\ARM_GCC_493\Debug\Programmer.a(cyfitter_cfg.o)
 .text.CYCONFIGCPY
                0x0000186c       0x1c .\CortexM3\ARM_GCC_493\Debug\Programmer.a(cyfitter_cfg.o)
 .text.CyClockStartupError
                0x00001888        0xc .\CortexM3\ARM_GCC_493\Debug\Programmer.a(cyfitter_cfg.o)
 .text.cfg_write_bytes32
                0x00001894       0x74 .\CortexM3\ARM_GCC_493\Debug\Programmer.a(cyfitter_cfg.o)
 .text.ClockSetup
                0x00001908      0x100 .\CortexM3\ARM_GCC_493\Debug\Programmer.a(cyfitter_cfg.o)
 .text.AnalogSetDefault
                0x00001a08       0x44 .\CortexM3\ARM_GCC_493\Debug\Programmer.a(cyfitter_cfg.o)
 .text.cyfitter_cfg
                0x00001a4c      0x154 .\CortexM3\ARM_GCC_493\Debug\Programmer.a(cyfitter_cfg.o)
                0x00001a4c                cyfitter_cfg
 .text.Pin_SWDCK_Write
                0x00001ba0       0x3c .\CortexM3\ARM_GCC_493\Debug\Programmer.a(Pin_SWDCK.o)
                0x00001ba0                Pin_SWDCK_Write
 .text.Pin_XRES_SetDriveMode
                0x00001bdc       0x38 .\CortexM3\ARM_GCC_493\Debug\Programmer.a(Pin_XRES.o)
                0x00001bdc                Pin_XRES_SetDriveMode
 .text.Pin_SWDIO_Write
                0x00001c14       0x3c .\CortexM3\ARM_GCC_493\Debug\Programmer.a(Pin_SWDIO.o)
                0x00001c14                Pin_SWDIO_Write
 .text.LCD_Char_Position
                0x00001c50       0x6c .\CortexM3\ARM_GCC_493\Debug\Programmer.a(LCD_Char.o)
                0x00001c50                LCD_Char_Position
 .text.LCD_Char_PrintString
                0x00001cbc       0x38 .\CortexM3\ARM_GCC_493\Debug\Programmer.a(LCD_Char.o)
                0x00001cbc                LCD_Char_PrintString
 .text.LCD_Char_WriteData
                0x00001cf4       0x34 .\CortexM3\ARM_GCC_493\Debug\Programmer.a(LCD_Char.o)
                0x00001cf4                LCD_Char_WriteData
 .text.LCD_Char_WriteControl
                0x00001d28       0x34 .\CortexM3\ARM_GCC_493\Debug\Programmer.a(LCD_Char.o)
                0x00001d28                LCD_Char_WriteControl
 .text.LCD_Char_IsReady
                0x00001d5c      0x178 .\CortexM3\ARM_GCC_493\Debug\Programmer.a(LCD_Char.o)
                0x00001d5c                LCD_Char_IsReady
 .text.LCD_Char_WrDatNib
                0x00001ed4       0x78 .\CortexM3\ARM_GCC_493\Debug\Programmer.a(LCD_Char.o)
 .text.LCD_Char_WrCntrlNib
                0x00001f4c       0x60 .\CortexM3\ARM_GCC_493\Debug\Programmer.a(LCD_Char.o)
 .text.Pin_Start_Read
                0x00001fac       0x20 .\CortexM3\ARM_GCC_493\Debug\Programmer.a(Pin_Start.o)
                0x00001fac                Pin_Start_Read
 .text.CyDelayUs
                0x00001fcc       0x24 .\CortexM3\ARM_GCC_493\Debug\Programmer.a(CyLib.o)
                0x00001fcc                CyDelayUs
 .text.LED_R_Write
                0x00001ff0       0x3c .\CortexM3\ARM_GCC_493\Debug\Programmer.a(LED_R.o)
                0x00001ff0                LED_R_Write
 .text.LED_G_Write
                0x0000202c       0x38 .\CortexM3\ARM_GCC_493\Debug\Programmer.a(LED_G.o)
                0x0000202c                LED_G_Write
 .text.LED_B_Write
                0x00002064       0x3c .\CortexM3\ARM_GCC_493\Debug\Programmer.a(LED_B.o)
                0x00002064                LED_B_Write
 .text.PWM_Start
                0x000020a0       0x20 .\CortexM3\ARM_GCC_493\Debug\Programmer.a(PWM.o)
                0x000020a0                PWM_Start
 .text.PWM_Init
                0x000020c0       0xbc .\CortexM3\ARM_GCC_493\Debug\Programmer.a(PWM.o)
                0x000020c0                PWM_Init
 .text.PWM_Enable
                0x0000217c       0x48 .\CortexM3\ARM_GCC_493\Debug\Programmer.a(PWM.o)
                0x0000217c                PWM_Enable
 .text.PWM_Stop
                0x000021c4       0x48 .\CortexM3\ARM_GCC_493\Debug\Programmer.a(PWM.o)
                0x000021c4                PWM_Stop
 .text.PWM_WritePeriod
                0x0000220c       0x20 .\CortexM3\ARM_GCC_493\Debug\Programmer.a(PWM.o)
                0x0000220c                PWM_WritePeriod
 .text.PWM_WriteCompare
                0x0000222c       0x20 .\CortexM3\ARM_GCC_493\Debug\Programmer.a(PWM.o)
                0x0000222c                PWM_WriteCompare
 .text.PWM_SetInterruptMode
                0x0000224c       0x20 .\CortexM3\ARM_GCC_493\Debug\Programmer.a(PWM.o)
                0x0000224c                PWM_SetInterruptMode
 .text.LED_R_GND_Write
                0x0000226c       0x3c .\CortexM3\ARM_GCC_493\Debug\Programmer.a(LED_R_GND.o)
                0x0000226c                LED_R_GND_Write
 .text.Control_Reg_Write
                0x000022a8       0x20 .\CortexM3\ARM_GCC_493\Debug\Programmer.a(Control_Reg.o)
                0x000022a8                Control_Reg_Write
 .text.Pin_Power_Write
                0x000022c8       0x3c .\CortexM3\ARM_GCC_493\Debug\Programmer.a(Pin_Power.o)
                0x000022c8                Pin_Power_Write
 *fill*         0x00002304        0x4 
 .text          0x00002308       0x20 .\CortexM3\ARM_GCC_493\Debug\Programmer.a(CyBootAsmGnu.o)
                0x00002308                CyDelayCycles
                0x00002318                CyEnterCriticalSection
                0x00002320                CyExitCriticalSection
 .text.__errno  0x00002328        0xc c:/program files/cypress/psoc creator/4.0/psoc creator/import/gnu/arm/4.9.3/bin/../lib/gcc/arm-none-eabi/4.9.3/../../../../arm-none-eabi/lib/armv7-m\libg_nano.a(lib_a-errno.o)
                0x00002328                __errno
 .text.__libc_init_array
                0x00002334       0x4c c:/program files/cypress/psoc creator/4.0/psoc creator/import/gnu/arm/4.9.3/bin/../lib/gcc/arm-none-eabi/4.9.3/../../../../arm-none-eabi/lib/armv7-m\libg_nano.a(lib_a-init.o)
                0x00002334                __libc_init_array
 .text.memcpy   0x00002380       0x16 c:/program files/cypress/psoc creator/4.0/psoc creator/import/gnu/arm/4.9.3/bin/../lib/gcc/arm-none-eabi/4.9.3/../../../../arm-none-eabi/lib/armv7-m\libg_nano.a(lib_a-memcpy.o)
                0x00002380                memcpy
 .text.memset   0x00002396       0x10 c:/program files/cypress/psoc creator/4.0/psoc creator/import/gnu/arm/4.9.3/bin/../lib/gcc/arm-none-eabi/4.9.3/../../../../arm-none-eabi/lib/armv7-m\libg_nano.a(lib_a-memset.o)
                0x00002396                memset
 *(.plt)
 *(.gnu.warning)
 *(.glue_7t)
 .glue_7t       0x00000000        0x0 linker stubs
 *(.glue_7)
 .glue_7        0x00000000        0x0 linker stubs
 *(.vfp11_veneer)
 .vfp11_veneer  0x00000000        0x0 linker stubs
 *(.bootloader)
 *(.ARM.extab* .gnu.linkonce.armextab.*)
 *(.gcc_except_table)

.v4_bx          0x000023a8        0x0
 .v4_bx         0x00000000        0x0 linker stubs

.iplt           0x000023a8        0x0
 .iplt          0x00000000        0x0 c:/program files/cypress/psoc creator/4.0/psoc creator/import/gnu/arm/4.9.3/bin/../lib/gcc/arm-none-eabi/4.9.3/armv7-m/crtbegin.o

.eh_frame_hdr
 *(.eh_frame_hdr)

.eh_frame       0x000023a8        0x4
 *(.eh_frame)
 .eh_frame      0x000023a8        0x0 c:/program files/cypress/psoc creator/4.0/psoc creator/import/gnu/arm/4.9.3/bin/../lib/gcc/arm-none-eabi/4.9.3/armv7-m/crtbegin.o
 .eh_frame      0x000023a8        0x4 c:/program files/cypress/psoc creator/4.0/psoc creator/import/gnu/arm/4.9.3/bin/../lib/gcc/arm-none-eabi/4.9.3/armv7-m/crtend.o
                0x000023ac                PROVIDE (__exidx_start, .)

.ARM.exidx
 *(.ARM.exidx* .gnu.linkonce.armexidx.*)
                0x000023ac                __exidx_end = .

.rodata         0x000023ac    0x2d694
 *(.rodata .rodata.* .gnu.linkonce.r.*)
 .rodata        0x000023ac       0xa0 .\CortexM3\ARM_GCC_493\Debug\main.o
 .rodata        0x0000244c    0x2d58c .\CortexM3\ARM_GCC_493\Debug\HexImage.o
                0x0000244c                deviceSiliconId_HexFile
                0x00002450                checksumData_HexFile
                0x00002454                flashProtectionData_HexFile
                0x000024d4                chipProtectionData_HexFile
                0x000024d8                flashData_HexFile
                0x0002f1d8                flashData_HexFile_RAM
 .rodata        0x0002f9d8       0x2c .\CortexM3\ARM_GCC_493\Debug\Programmer.a(cyfitter_cfg.o)
 .rodata.str1.1
                0x0002fa04        0x2 c:/program files/cypress/psoc creator/4.0/psoc creator/import/gnu/arm/4.9.3/bin/../lib/gcc/arm-none-eabi/4.9.3/../../../../arm-none-eabi/lib/armv7-m\libg_nano.a(lib_a-impure.o)
                0x0002fa08                . = ALIGN (0x4)
 *fill*         0x0002fa06        0x2 
 *(.init)
 .init          0x0002fa08        0x4 c:/program files/cypress/psoc creator/4.0/psoc creator/import/gnu/arm/4.9.3/bin/../lib/gcc/arm-none-eabi/4.9.3/armv7-m/crti.o
                0x0002fa08                _init
 .init          0x0002fa0c        0x8 c:/program files/cypress/psoc creator/4.0/psoc creator/import/gnu/arm/4.9.3/bin/../lib/gcc/arm-none-eabi/4.9.3/armv7-m/crtn.o
                0x0002fa14                . = ALIGN (0x4)
                0x0002fa14                __preinit_array_start = .
 *(.preinit_array)
                0x0002fa14                __preinit_array_end = .
                0x0002fa14                . = ALIGN (0x4)
                0x0002fa14                __init_array_start = .
 *(SORT(.init_array.*))
 *(.init_array)
 .init_array    0x0002fa14        0x4 c:/program files/cypress/psoc creator/4.0/psoc creator/import/gnu/arm/4.9.3/bin/../lib/gcc/arm-none-eabi/4.9.3/armv7-m/crtbegin.o
 .init_array    0x0002fa18        0x4 .\CortexM3\ARM_GCC_493\Debug\Cm3Start.o
                0x0002fa1c                __init_array_end = .
                0x0002fa1c                . = ALIGN (0x4)
 *(.fini)
 .fini          0x0002fa1c        0x4 c:/program files/cypress/psoc creator/4.0/psoc creator/import/gnu/arm/4.9.3/bin/../lib/gcc/arm-none-eabi/4.9.3/armv7-m/crti.o
                0x0002fa1c                _fini
 .fini          0x0002fa20        0x8 c:/program files/cypress/psoc creator/4.0/psoc creator/import/gnu/arm/4.9.3/bin/../lib/gcc/arm-none-eabi/4.9.3/armv7-m/crtn.o
                0x0002fa28                . = ALIGN (0x4)
                0x0002fa28                __fini_array_start = .
 *(.fini_array)
 .fini_array    0x0002fa28        0x4 c:/program files/cypress/psoc creator/4.0/psoc creator/import/gnu/arm/4.9.3/bin/../lib/gcc/arm-none-eabi/4.9.3/armv7-m/crtbegin.o
 *(SORT(.fini_array.*))
                0x0002fa2c                __fini_array_end = .
                0x0002fa2c                . = ALIGN (0x4)
 *crtbegin.o(.ctors)
 *(EXCLUDE_FILE(*crtend.o) .ctors)
 *(SORT(.ctors.*))
 *crtend.o(.ctors)
                0x0002fa2c                . = ALIGN (0x4)
 *crtbegin.o(.dtors)
 *(EXCLUDE_FILE(*crtend.o) .dtors)
 *(SORT(.dtors.*))
 *crtend.o(.dtors)
                0x0002fa2c                . = ALIGN (0x4)
                0x0002fa2c                __cy_regions = .
                0x0002fa2c        0x4 LONG 0x2fa40 __cy_region_init_ram
                0x0002fa30        0x4 LONG 0x1fff8108 __cy_region_start_data
                0x0002fa34        0x4 LONG 0x78 __cy_region_init_size_ram
                0x0002fa38        0x4 LONG 0x38 __cy_region_zero_size_ram
                0x0002fa3c                __cy_regions_end = .
                0x0002fa40                . = ALIGN (0x8)
 *fill*         0x0002fa3c        0x4 
                0x0002fa40                _etext = .

.cy_checksum_exclude
                0x0002fa40        0x0
 *(.cy_checksum_exclude)

.ramvectors     0x1fff8000      0x100
                0x1fff8000                __cy_region_start_ram = .
 *(.ramvectors)
 .ramvectors    0x1fff8000      0x100 .\CortexM3\ARM_GCC_493\Debug\Cm3Start.o
                0x1fff8000                CyRamVectors

.noinit         0x1fff8100        0x5
 *(.noinit)
 .noinit        0x1fff8100        0x4 .\CortexM3\ARM_GCC_493\Debug\Cm3Start.o
 .noinit        0x1fff8104        0x1 .\CortexM3\ARM_GCC_493\Debug\Programmer.a(CyLib.o)
                0x1fff8104                CyResetStatus

.data           0x1fff8108       0x78 load address 0x0002fa40
                0x1fff8108                __cy_region_start_data = .
 *(.jcr)
 .jcr           0x1fff8108        0x0 c:/program files/cypress/psoc creator/4.0/psoc creator/import/gnu/arm/4.9.3/bin/../lib/gcc/arm-none-eabi/4.9.3/armv7-m/crtbegin.o
 .jcr           0x1fff8108        0x4 c:/program files/cypress/psoc creator/4.0/psoc creator/import/gnu/arm/4.9.3/bin/../lib/gcc/arm-none-eabi/4.9.3/armv7-m/crtend.o
 *(.got.plt)
 *(.got)
 *(.shdata)
 *(.data .data.* .gnu.linkonce.d.*)
 .data          0x1fff810c       0x10 .\CortexM3\ARM_GCC_493\Debug\Programmer.a(CyLib.o)
                0x1fff810c                cydelay_freq_hz
                0x1fff8110                cydelay_freq_khz
                0x1fff8114                cydelay_freq_mhz
                0x1fff8118                cydelay_32k_ms
 .data.impure_data
                0x1fff811c       0x60 c:/program files/cypress/psoc creator/4.0/psoc creator/import/gnu/arm/4.9.3/bin/../lib/gcc/arm-none-eabi/4.9.3/../../../../arm-none-eabi/lib/armv7-m\libg_nano.a(lib_a-impure.o)
 .data._impure_ptr
                0x1fff817c        0x4 c:/program files/cypress/psoc creator/4.0/psoc creator/import/gnu/arm/4.9.3/bin/../lib/gcc/arm-none-eabi/4.9.3/../../../../arm-none-eabi/lib/armv7-m\libg_nano.a(lib_a-impure.o)
                0x1fff817c                _impure_ptr
                0x1fff8180                . = ALIGN (0x8)
 *(.ram)
                0x1fff8180                _edata = .

.igot.plt       0x1fff8180        0x0 load address 0x0002fab8
 .igot.plt      0x00000000        0x0 c:/program files/cypress/psoc creator/4.0/psoc creator/import/gnu/arm/4.9.3/bin/../lib/gcc/arm-none-eabi/4.9.3/armv7-m/crtbegin.o

.bss            0x1fff8180       0x38 load address 0x0002fab8
                0x1fff8180                PROVIDE (__bss_start__, .)
 *(.shbss)
 *(.bss .bss.* .gnu.linkonce.b.*)
 .bss           0x1fff8180       0x1c c:/program files/cypress/psoc creator/4.0/psoc creator/import/gnu/arm/4.9.3/bin/../lib/gcc/arm-none-eabi/4.9.3/armv7-m/crtbegin.o
 .bss           0x1fff819c        0xc .\CortexM3\ARM_GCC_493\Debug\ProgrammingSteps.o
                0x1fff819c                checksum_Privileged
                0x1fff81a0                statusCode
                0x1fff81a4                result
                0x1fff81a5                chipProtectionData_Chip
 .bss           0x1fff81a8        0x1 .\CortexM3\ARM_GCC_493\Debug\Programmer.a(PWM.o)
                0x1fff81a8                PWM_initVar
 *(COMMON)
 COMMON         0x1fff81a9        0x1 .\CortexM3\ARM_GCC_493\Debug\main.o
                0x1fff81a9                currentStep
 *fill*         0x1fff81aa        0x2 
 COMMON         0x1fff81ac        0x6 .\CortexM3\ARM_GCC_493\Debug\SWD_PacketLayer.o
                0x1fff81ac                swd_PacketData
                0x1fff81b0                swd_PacketAck
                0x1fff81b1                swd_PacketHeader
 COMMON         0x1fff81b2        0x1 .\CortexM3\ARM_GCC_493\Debug\ProgrammingSteps.o
                0x1fff81b2                flow
                0x1fff81b8                . = ALIGN (0x8)
 *fill*         0x1fff81b3        0x5 
 *(.ram.b)
                0x1fff81b8                _end = .
                0x1fff81b8                __end = .
                0x1fff81b8                PROVIDE (end, .)
                0x1fff81b8                PROVIDE (__bss_end__, .)
                0x0002fa40                __cy_region_init_ram = LOADADDR (.data)
                0x00000078                __cy_region_init_size_ram = (_edata - ADDR (.data))
                0x00000038                __cy_region_zero_size_ram = (_end - _edata)

.heap           0x1fff81b8     0x1000 load address 0x0002fab8
                0x1fff81b8                . = _end
                0x1fff91b8                . = (. + 0x1000)
 *fill*         0x1fff81b8     0x1000 
                0x1fff91b8                __cy_heap_limit = .

.stack          0x20004000     0x4000
                0x20004000                __cy_stack_limit = .
                0x20008000                . = (. + 0x4000)
 *fill*         0x20004000     0x4000 
                0x00000001                ASSERT ((__cy_stack_limit >= __cy_heap_limit), region RAM overflowed with stack)
                0x00000000                cy_checksum_exclude_size = (CY_APPL_LOADABLE == 0x1)?SIZEOF (.cy_checksum_exclude):0x0
                0x00000001                ASSERT ((cy_checksum_exclude_size <= CY_CHECKSUM_EXCLUDE_SIZE), CY_BOOT: Section .cy_checksum_exclude size exceedes specified limit.)

.cyloadermeta
 *(.cyloadermeta)

.cyloadablemeta
 *(.cyloadablemeta)

.cyconfigecc    0x80000000       0xc0
 *(.cyconfigecc)
 .cyconfigecc   0x80000000       0xc0 .\CortexM3\ARM_GCC_493\Debug\cymetadata.o
                0x80000000                cy_meta_configecc

.cycustnvl      0x90000000        0x4
 *(.cycustnvl)
 .cycustnvl     0x90000000        0x4 .\CortexM3\ARM_GCC_493\Debug\cymetadata.o
                0x90000000                cy_meta_custnvl

.cywolatch      0x90100000        0x4
 *(.cywolatch)
 .cywolatch     0x90100000        0x4 .\CortexM3\ARM_GCC_493\Debug\cymetadata.o
                0x90100000                cy_meta_wonvl

.cyeeprom       0x90200000        0x0
 *(.cyeeprom)
                0x00000001                ASSERT ((. <= ((0x90200000 + ee_offset) + ee_size)), .cyeeprom data will not fit in EEPROM)

.cyflashprotect
                0x90400000      0x100
 *(.cyflashprotect)
 .cyflashprotect
                0x90400000      0x100 .\CortexM3\ARM_GCC_493\Debug\cymetadata.o
                0x90400000                cy_meta_flashprotect

.cymeta         0x90500000        0xc
 *(.cymeta)
 .cymeta        0x90500000        0xc .\CortexM3\ARM_GCC_493\Debug\cymetadata.o
                0x90500000                cy_metadata

.rel.dyn        0x0002fab8        0x0 load address 0x9050000c
 .rel.iplt      0x00000000        0x0 c:/program files/cypress/psoc creator/4.0/psoc creator/import/gnu/arm/4.9.3/bin/../lib/gcc/arm-none-eabi/4.9.3/armv7-m/crtbegin.o

.stab
 *(.stab)

.stabstr
 *(.stabstr)

.debug
 *(.debug)

.line
 *(.line)

.debug_srcinfo
 *(.debug_srcinfo)

.debug_sfnames
 *(.debug_sfnames)

.debug_aranges  0x00000000      0xac0
 *(.debug_aranges)
 .debug_aranges
                0x00000000       0x28 .\CortexM3\ARM_GCC_493\Debug\main.o
 .debug_aranges
                0x00000028       0x80 .\CortexM3\ARM_GCC_493\Debug\SWD_PhysicalLayer.o
 .debug_aranges
                0x000000a8       0x80 .\CortexM3\ARM_GCC_493\Debug\SWD_PacketLayer.o
 .debug_aranges
                0x00000128       0xa0 .\CortexM3\ARM_GCC_493\Debug\ProgrammingSteps.o
 .debug_aranges
                0x000001c8       0x38 .\CortexM3\ARM_GCC_493\Debug\SWD_UpperPacketLayer.o
 .debug_aranges
                0x00000200       0x20 .\CortexM3\ARM_GCC_493\Debug\Timeout.o
 .debug_aranges
                0x00000220       0x48 .\CortexM3\ARM_GCC_493\Debug\DataFetch.o
 .debug_aranges
                0x00000268       0x18 .\CortexM3\ARM_GCC_493\Debug\HexImage.o
 .debug_aranges
                0x00000280       0x18 .\CortexM3\ARM_GCC_493\Debug\cymetadata.o
 .debug_aranges
                0x00000298       0x48 .\CortexM3\ARM_GCC_493\Debug\Cm3Start.o
 .debug_aranges
                0x000002e0       0x60 .\CortexM3\ARM_GCC_493\Debug\Programmer.a(cyfitter_cfg.o)
 .debug_aranges
                0x00000340       0x38 .\CortexM3\ARM_GCC_493\Debug\Programmer.a(Pin_SWDCK.o)
 .debug_aranges
                0x00000378       0x38 .\CortexM3\ARM_GCC_493\Debug\Programmer.a(Pin_XRES.o)
 .debug_aranges
                0x000003b0       0x38 .\CortexM3\ARM_GCC_493\Debug\Programmer.a(Pin_SWDIO.o)
 .debug_aranges
                0x000003e8       0x98 .\CortexM3\ARM_GCC_493\Debug\Programmer.a(LCD_Char.o)
 .debug_aranges
                0x00000480       0x38 .\CortexM3\ARM_GCC_493\Debug\Programmer.a(Pin_Start.o)
 .debug_aranges
                0x000004b8      0x2a0 .\CortexM3\ARM_GCC_493\Debug\Programmer.a(CyLib.o)
 .debug_aranges
                0x00000758       0x98 .\CortexM3\ARM_GCC_493\Debug\Programmer.a(cyPm.o)
 .debug_aranges
                0x000007f0       0x38 .\CortexM3\ARM_GCC_493\Debug\Programmer.a(LED_R.o)
 .debug_aranges
                0x00000828       0x38 .\CortexM3\ARM_GCC_493\Debug\Programmer.a(LED_G.o)
 .debug_aranges
                0x00000860       0x38 .\CortexM3\ARM_GCC_493\Debug\Programmer.a(LED_B.o)
 .debug_aranges
                0x00000898       0x78 .\CortexM3\ARM_GCC_493\Debug\Programmer.a(PWM.o)
 .debug_aranges
                0x00000910       0x38 .\CortexM3\ARM_GCC_493\Debug\Programmer.a(LED_R_GND.o)
 .debug_aranges
                0x00000948       0x28 .\CortexM3\ARM_GCC_493\Debug\Programmer.a(Control_Reg.o)
 .debug_aranges
                0x00000970       0x38 .\CortexM3\ARM_GCC_493\Debug\Programmer.a(Pin_Power.o)
 .debug_aranges
                0x000009a8       0x20 .\CortexM3\ARM_GCC_493\Debug\Programmer.a(CyBootAsmGnu.o)
 .debug_aranges
                0x000009c8       0x80 .\CortexM3\ARM_GCC_493\Debug\Programmer.a(CyFlash.o)
 .debug_aranges
                0x00000a48       0x78 .\CortexM3\ARM_GCC_493\Debug\Programmer.a(CySpc.o)

.debug_pubnames
 *(.debug_pubnames)

.debug_info     0x00000000     0x4591
 *(.debug_info .gnu.linkonce.wi.*)
 .debug_info    0x00000000      0x130 .\CortexM3\ARM_GCC_493\Debug\main.o
 .debug_info    0x00000130      0x113 .\CortexM3\ARM_GCC_493\Debug\SWD_PhysicalLayer.o
 .debug_info    0x00000243      0x2f0 .\CortexM3\ARM_GCC_493\Debug\SWD_PacketLayer.o
 .debug_info    0x00000533      0x654 .\CortexM3\ARM_GCC_493\Debug\ProgrammingSteps.o
 .debug_info    0x00000b87      0x142 .\CortexM3\ARM_GCC_493\Debug\SWD_UpperPacketLayer.o
 .debug_info    0x00000cc9       0x51 .\CortexM3\ARM_GCC_493\Debug\Timeout.o
 .debug_info    0x00000d1a      0x2a5 .\CortexM3\ARM_GCC_493\Debug\DataFetch.o
 .debug_info    0x00000fbf      0x10e .\CortexM3\ARM_GCC_493\Debug\HexImage.o
 .debug_info    0x000010cd      0x13a .\CortexM3\ARM_GCC_493\Debug\cymetadata.o
 .debug_info    0x00001207      0x319 .\CortexM3\ARM_GCC_493\Debug\Cm3Start.o
 .debug_info    0x00001520      0x393 .\CortexM3\ARM_GCC_493\Debug\Programmer.a(cyfitter_cfg.o)
 .debug_info    0x000018b3      0x11e .\CortexM3\ARM_GCC_493\Debug\Programmer.a(Pin_SWDCK.o)
 .debug_info    0x000019d1      0x11e .\CortexM3\ARM_GCC_493\Debug\Programmer.a(Pin_XRES.o)
 .debug_info    0x00001aef      0x11e .\CortexM3\ARM_GCC_493\Debug\Programmer.a(Pin_SWDIO.o)
 .debug_info    0x00001c0d      0x3c8 .\CortexM3\ARM_GCC_493\Debug\Programmer.a(LCD_Char.o)
 .debug_info    0x00001fd5      0x11e .\CortexM3\ARM_GCC_493\Debug\Programmer.a(Pin_Start.o)
 .debug_info    0x000020f3      0xe4a .\CortexM3\ARM_GCC_493\Debug\Programmer.a(CyLib.o)
 .debug_info    0x00002f3d      0x561 .\CortexM3\ARM_GCC_493\Debug\Programmer.a(cyPm.o)
 .debug_info    0x0000349e      0x11e .\CortexM3\ARM_GCC_493\Debug\Programmer.a(LED_R.o)
 .debug_info    0x000035bc      0x11e .\CortexM3\ARM_GCC_493\Debug\Programmer.a(LED_G.o)
 .debug_info    0x000036da      0x11e .\CortexM3\ARM_GCC_493\Debug\Programmer.a(LED_B.o)
 .debug_info    0x000037f8      0x22e .\CortexM3\ARM_GCC_493\Debug\Programmer.a(PWM.o)
 .debug_info    0x00003a26      0x11e .\CortexM3\ARM_GCC_493\Debug\Programmer.a(LED_R_GND.o)
 .debug_info    0x00003b44       0xd7 .\CortexM3\ARM_GCC_493\Debug\Programmer.a(Control_Reg.o)
 .debug_info    0x00003c1b      0x11e .\CortexM3\ARM_GCC_493\Debug\Programmer.a(Pin_Power.o)
 .debug_info    0x00003d39       0x9b .\CortexM3\ARM_GCC_493\Debug\Programmer.a(CyBootAsmGnu.o)
 .debug_info    0x00003dd4      0x36a .\CortexM3\ARM_GCC_493\Debug\Programmer.a(CyFlash.o)
 .debug_info    0x0000413e      0x453 .\CortexM3\ARM_GCC_493\Debug\Programmer.a(CySpc.o)

.debug_abbrev   0x00000000     0x180b
 *(.debug_abbrev)
 .debug_abbrev  0x00000000       0xb9 .\CortexM3\ARM_GCC_493\Debug\main.o
 .debug_abbrev  0x000000b9       0x69 .\CortexM3\ARM_GCC_493\Debug\SWD_PhysicalLayer.o
 .debug_abbrev  0x00000122      0x174 .\CortexM3\ARM_GCC_493\Debug\SWD_PacketLayer.o
 .debug_abbrev  0x00000296      0x17e .\CortexM3\ARM_GCC_493\Debug\ProgrammingSteps.o
 .debug_abbrev  0x00000414       0x90 .\CortexM3\ARM_GCC_493\Debug\SWD_UpperPacketLayer.o
 .debug_abbrev  0x000004a4       0x48 .\CortexM3\ARM_GCC_493\Debug\Timeout.o
 .debug_abbrev  0x000004ec      0x115 .\CortexM3\ARM_GCC_493\Debug\DataFetch.o
 .debug_abbrev  0x00000601       0x5f .\CortexM3\ARM_GCC_493\Debug\HexImage.o
 .debug_abbrev  0x00000660       0x5d .\CortexM3\ARM_GCC_493\Debug\cymetadata.o
 .debug_abbrev  0x000006bd      0x1b6 .\CortexM3\ARM_GCC_493\Debug\Cm3Start.o
 .debug_abbrev  0x00000873      0x19d .\CortexM3\ARM_GCC_493\Debug\Programmer.a(cyfitter_cfg.o)
 .debug_abbrev  0x00000a10       0x90 .\CortexM3\ARM_GCC_493\Debug\Programmer.a(Pin_SWDCK.o)
 .debug_abbrev  0x00000aa0       0x90 .\CortexM3\ARM_GCC_493\Debug\Programmer.a(Pin_XRES.o)
 .debug_abbrev  0x00000b30       0x90 .\CortexM3\ARM_GCC_493\Debug\Programmer.a(Pin_SWDIO.o)
 .debug_abbrev  0x00000bc0      0x120 .\CortexM3\ARM_GCC_493\Debug\Programmer.a(LCD_Char.o)
 .debug_abbrev  0x00000ce0       0x90 .\CortexM3\ARM_GCC_493\Debug\Programmer.a(Pin_Start.o)
 .debug_abbrev  0x00000d70      0x217 .\CortexM3\ARM_GCC_493\Debug\Programmer.a(CyLib.o)
 .debug_abbrev  0x00000f87      0x161 .\CortexM3\ARM_GCC_493\Debug\Programmer.a(cyPm.o)
 .debug_abbrev  0x000010e8       0x90 .\CortexM3\ARM_GCC_493\Debug\Programmer.a(LED_R.o)
 .debug_abbrev  0x00001178       0x90 .\CortexM3\ARM_GCC_493\Debug\Programmer.a(LED_G.o)
 .debug_abbrev  0x00001208       0x90 .\CortexM3\ARM_GCC_493\Debug\Programmer.a(LED_B.o)
 .debug_abbrev  0x00001298      0x116 .\CortexM3\ARM_GCC_493\Debug\Programmer.a(PWM.o)
 .debug_abbrev  0x000013ae       0x90 .\CortexM3\ARM_GCC_493\Debug\Programmer.a(LED_R_GND.o)
 .debug_abbrev  0x0000143e       0x81 .\CortexM3\ARM_GCC_493\Debug\Programmer.a(Control_Reg.o)
 .debug_abbrev  0x000014bf       0x90 .\CortexM3\ARM_GCC_493\Debug\Programmer.a(Pin_Power.o)
 .debug_abbrev  0x0000154f       0x14 .\CortexM3\ARM_GCC_493\Debug\Programmer.a(CyBootAsmGnu.o)
 .debug_abbrev  0x00001563      0x13c .\CortexM3\ARM_GCC_493\Debug\Programmer.a(CyFlash.o)
 .debug_abbrev  0x0000169f      0x16c .\CortexM3\ARM_GCC_493\Debug\Programmer.a(CySpc.o)

.debug_line     0x00000000     0x2abe
 *(.debug_line)
 .debug_line    0x00000000      0x1c6 .\CortexM3\ARM_GCC_493\Debug\main.o
 .debug_line    0x000001c6      0x11e .\CortexM3\ARM_GCC_493\Debug\SWD_PhysicalLayer.o
 .debug_line    0x000002e4      0x22a .\CortexM3\ARM_GCC_493\Debug\SWD_PacketLayer.o
 .debug_line    0x0000050e      0x4f9 .\CortexM3\ARM_GCC_493\Debug\ProgrammingSteps.o
 .debug_line    0x00000a07       0xac .\CortexM3\ARM_GCC_493\Debug\SWD_UpperPacketLayer.o
 .debug_line    0x00000ab3       0x48 .\CortexM3\ARM_GCC_493\Debug\Timeout.o
 .debug_line    0x00000afb      0x224 .\CortexM3\ARM_GCC_493\Debug\DataFetch.o
 .debug_line    0x00000d1f       0x2b .\CortexM3\ARM_GCC_493\Debug\HexImage.o
 .debug_line    0x00000d4a       0x51 .\CortexM3\ARM_GCC_493\Debug\cymetadata.o
 .debug_line    0x00000d9b      0x1d6 .\CortexM3\ARM_GCC_493\Debug\Cm3Start.o
 .debug_line    0x00000f71      0x1e9 .\CortexM3\ARM_GCC_493\Debug\Programmer.a(cyfitter_cfg.o)
 .debug_line    0x0000115a       0x98 .\CortexM3\ARM_GCC_493\Debug\Programmer.a(Pin_SWDCK.o)
 .debug_line    0x000011f2       0x97 .\CortexM3\ARM_GCC_493\Debug\Programmer.a(Pin_XRES.o)
 .debug_line    0x00001289       0x98 .\CortexM3\ARM_GCC_493\Debug\Programmer.a(Pin_SWDIO.o)
 .debug_line    0x00001321      0x1e6 .\CortexM3\ARM_GCC_493\Debug\Programmer.a(LCD_Char.o)
 .debug_line    0x00001507       0x98 .\CortexM3\ARM_GCC_493\Debug\Programmer.a(Pin_Start.o)
 .debug_line    0x0000159f      0x882 .\CortexM3\ARM_GCC_493\Debug\Programmer.a(CyLib.o)
 .debug_line    0x00001e21      0x37f .\CortexM3\ARM_GCC_493\Debug\Programmer.a(cyPm.o)
 .debug_line    0x000021a0       0x94 .\CortexM3\ARM_GCC_493\Debug\Programmer.a(LED_R.o)
 .debug_line    0x00002234       0x94 .\CortexM3\ARM_GCC_493\Debug\Programmer.a(LED_G.o)
 .debug_line    0x000022c8       0x94 .\CortexM3\ARM_GCC_493\Debug\Programmer.a(LED_B.o)
 .debug_line    0x0000235c      0x13e .\CortexM3\ARM_GCC_493\Debug\Programmer.a(PWM.o)
 .debug_line    0x0000249a       0x98 .\CortexM3\ARM_GCC_493\Debug\Programmer.a(LED_R_GND.o)
 .debug_line    0x00002532       0x74 .\CortexM3\ARM_GCC_493\Debug\Programmer.a(Control_Reg.o)
 .debug_line    0x000025a6       0x98 .\CortexM3\ARM_GCC_493\Debug\Programmer.a(Pin_Power.o)
 .debug_line    0x0000263e       0x66 .\CortexM3\ARM_GCC_493\Debug\Programmer.a(CyBootAsmGnu.o)
 .debug_line    0x000026a4      0x205 .\CortexM3\ARM_GCC_493\Debug\Programmer.a(CyFlash.o)
 .debug_line    0x000028a9      0x215 .\CortexM3\ARM_GCC_493\Debug\Programmer.a(CySpc.o)

.debug_frame    0x00000000     0x286c
 *(.debug_frame)
 .debug_frame   0x00000000       0x4c .\CortexM3\ARM_GCC_493\Debug\main.o
 .debug_frame   0x0000004c      0x1e4 .\CortexM3\ARM_GCC_493\Debug\SWD_PhysicalLayer.o
 .debug_frame   0x00000230      0x204 .\CortexM3\ARM_GCC_493\Debug\SWD_PacketLayer.o
 .debug_frame   0x00000434      0x298 .\CortexM3\ARM_GCC_493\Debug\ProgrammingSteps.o
 .debug_frame   0x000006cc       0xb0 .\CortexM3\ARM_GCC_493\Debug\SWD_UpperPacketLayer.o
 .debug_frame   0x0000077c       0x38 .\CortexM3\ARM_GCC_493\Debug\Timeout.o
 .debug_frame   0x000007b4       0xfc .\CortexM3\ARM_GCC_493\Debug\DataFetch.o
 .debug_frame   0x000008b0       0xd8 .\CortexM3\ARM_GCC_493\Debug\Cm3Start.o
 .debug_frame   0x00000988      0x16c .\CortexM3\ARM_GCC_493\Debug\Programmer.a(cyfitter_cfg.o)
 .debug_frame   0x00000af4       0xa8 .\CortexM3\ARM_GCC_493\Debug\Programmer.a(Pin_SWDCK.o)
 .debug_frame   0x00000b9c       0xa8 .\CortexM3\ARM_GCC_493\Debug\Programmer.a(Pin_XRES.o)
 .debug_frame   0x00000c44       0xa8 .\CortexM3\ARM_GCC_493\Debug\Programmer.a(Pin_SWDIO.o)
 .debug_frame   0x00000cec      0x260 .\CortexM3\ARM_GCC_493\Debug\Programmer.a(LCD_Char.o)
 .debug_frame   0x00000f4c       0xa8 .\CortexM3\ARM_GCC_493\Debug\Programmer.a(Pin_Start.o)
 .debug_frame   0x00000ff4      0xc0c .\CortexM3\ARM_GCC_493\Debug\Programmer.a(CyLib.o)
 .debug_frame   0x00001c00      0x234 .\CortexM3\ARM_GCC_493\Debug\Programmer.a(cyPm.o)
 .debug_frame   0x00001e34       0xa8 .\CortexM3\ARM_GCC_493\Debug\Programmer.a(LED_R.o)
 .debug_frame   0x00001edc       0xa8 .\CortexM3\ARM_GCC_493\Debug\Programmer.a(LED_G.o)
 .debug_frame   0x00001f84       0xa8 .\CortexM3\ARM_GCC_493\Debug\Programmer.a(LED_B.o)
 .debug_frame   0x0000202c      0x1d0 .\CortexM3\ARM_GCC_493\Debug\Programmer.a(PWM.o)
 .debug_frame   0x000021fc       0xa8 .\CortexM3\ARM_GCC_493\Debug\Programmer.a(LED_R_GND.o)
 .debug_frame   0x000022a4       0x5c .\CortexM3\ARM_GCC_493\Debug\Programmer.a(Control_Reg.o)
 .debug_frame   0x00002300       0xa8 .\CortexM3\ARM_GCC_493\Debug\Programmer.a(Pin_Power.o)
 .debug_frame   0x000023a8      0x210 .\CortexM3\ARM_GCC_493\Debug\Programmer.a(CyFlash.o)
 .debug_frame   0x000025b8      0x1f8 .\CortexM3\ARM_GCC_493\Debug\Programmer.a(CySpc.o)
 .debug_frame   0x000027b0       0x20 c:/program files/cypress/psoc creator/4.0/psoc creator/import/gnu/arm/4.9.3/bin/../lib/gcc/arm-none-eabi/4.9.3/../../../../arm-none-eabi/lib/armv7-m\libg_nano.a(lib_a-errno.o)
 .debug_frame   0x000027d0       0x28 c:/program files/cypress/psoc creator/4.0/psoc creator/import/gnu/arm/4.9.3/bin/../lib/gcc/arm-none-eabi/4.9.3/../../../../arm-none-eabi/lib/armv7-m\libg_nano.a(lib_a-exit.o)
 .debug_frame   0x000027f8       0x2c c:/program files/cypress/psoc creator/4.0/psoc creator/import/gnu/arm/4.9.3/bin/../lib/gcc/arm-none-eabi/4.9.3/../../../../arm-none-eabi/lib/armv7-m\libg_nano.a(lib_a-init.o)
 .debug_frame   0x00002824       0x28 c:/program files/cypress/psoc creator/4.0/psoc creator/import/gnu/arm/4.9.3/bin/../lib/gcc/arm-none-eabi/4.9.3/../../../../arm-none-eabi/lib/armv7-m\libg_nano.a(lib_a-memcpy.o)
 .debug_frame   0x0000284c       0x20 c:/program files/cypress/psoc creator/4.0/psoc creator/import/gnu/arm/4.9.3/bin/../lib/gcc/arm-none-eabi/4.9.3/../../../../arm-none-eabi/lib/armv7-m\libg_nano.a(lib_a-memset.o)

.debug_str      0x00000000     0x2088
 *(.debug_str)
 .debug_str     0x00000000      0x1ae .\CortexM3\ARM_GCC_493\Debug\main.o
                                0x1ef (size before relaxing)
 .debug_str     0x000001ae       0xd1 .\CortexM3\ARM_GCC_493\Debug\SWD_PhysicalLayer.o
                                0x1ba (size before relaxing)
 .debug_str     0x0000027f      0x15f .\CortexM3\ARM_GCC_493\Debug\SWD_PacketLayer.o
                                0x257 (size before relaxing)
 .debug_str     0x000003de      0x35e .\CortexM3\ARM_GCC_493\Debug\ProgrammingSteps.o
                                0x50c (size before relaxing)
 .debug_str     0x0000073c       0x5c .\CortexM3\ARM_GCC_493\Debug\SWD_UpperPacketLayer.o
                                0x18e (size before relaxing)
 .debug_str     0x00000798       0x23 .\CortexM3\ARM_GCC_493\Debug\Timeout.o
                                0x111 (size before relaxing)
 .debug_str     0x000007bb      0x128 .\CortexM3\ARM_GCC_493\Debug\DataFetch.o
                                0x31c (size before relaxing)
 .debug_str     0x000008e3        0xb .\CortexM3\ARM_GCC_493\Debug\HexImage.o
                                0x189 (size before relaxing)
 .debug_str     0x000008ee       0x75 .\CortexM3\ARM_GCC_493\Debug\cymetadata.o
                                0x1f5 (size before relaxing)
 .debug_str     0x00000963      0x136 .\CortexM3\ARM_GCC_493\Debug\Cm3Start.o
                                0x2d6 (size before relaxing)
 .debug_str     0x00000a99      0x15c .\CortexM3\ARM_GCC_493\Debug\Programmer.a(cyfitter_cfg.o)
                                0x302 (size before relaxing)
 .debug_str     0x00000bf5       0x7a .\CortexM3\ARM_GCC_493\Debug\Programmer.a(Pin_SWDCK.o)
                                0x201 (size before relaxing)
 .debug_str     0x00000c6f       0x6a .\CortexM3\ARM_GCC_493\Debug\Programmer.a(Pin_XRES.o)
                                0x1fc (size before relaxing)
 .debug_str     0x00000cd9       0x6f .\CortexM3\ARM_GCC_493\Debug\Programmer.a(Pin_SWDIO.o)
                                0x201 (size before relaxing)
 .debug_str     0x00000d48      0x1d5 .\CortexM3\ARM_GCC_493\Debug\Programmer.a(LCD_Char.o)
                                0x37c (size before relaxing)
 .debug_str     0x00000f1d       0x6f .\CortexM3\ARM_GCC_493\Debug\Programmer.a(Pin_Start.o)
                                0x201 (size before relaxing)
 .debug_str     0x00000f8c      0x7f8 .\CortexM3\ARM_GCC_493\Debug\Programmer.a(CyLib.o)
                                0x9e9 (size before relaxing)
 .debug_str     0x00001784      0x365 .\CortexM3\ARM_GCC_493\Debug\Programmer.a(cyPm.o)
                                0x536 (size before relaxing)
 .debug_str     0x00001ae9       0x5b .\CortexM3\ARM_GCC_493\Debug\Programmer.a(LED_R.o)
                                0x1ed (size before relaxing)
 .debug_str     0x00001b44       0x5b .\CortexM3\ARM_GCC_493\Debug\Programmer.a(LED_G.o)
                                0x1ed (size before relaxing)
 .debug_str     0x00001b9f       0x5b .\CortexM3\ARM_GCC_493\Debug\Programmer.a(LED_B.o)
                                0x1ed (size before relaxing)
 .debug_str     0x00001bfa      0x117 .\CortexM3\ARM_GCC_493\Debug\Programmer.a(PWM.o)
                                0x2b0 (size before relaxing)
 .debug_str     0x00001d11       0x6f .\CortexM3\ARM_GCC_493\Debug\Programmer.a(LED_R_GND.o)
                                0x201 (size before relaxing)
 .debug_str     0x00001d80       0x48 .\CortexM3\ARM_GCC_493\Debug\Programmer.a(Control_Reg.o)
                                0x1cc (size before relaxing)
 .debug_str     0x00001dc8       0x6f .\CortexM3\ARM_GCC_493\Debug\Programmer.a(Pin_Power.o)
                                0x201 (size before relaxing)
 .debug_str     0x00001e37      0x132 .\CortexM3\ARM_GCC_493\Debug\Programmer.a(CyFlash.o)
                                0x2f5 (size before relaxing)
 .debug_str     0x00001f69      0x11f .\CortexM3\ARM_GCC_493\Debug\Programmer.a(CySpc.o)
                                0x2f2 (size before relaxing)

.debug_loc
 *(.debug_loc)

.debug_macinfo
 *(.debug_macinfo)

.debug_ranges   0x00000000      0x8e0
 *(.debug_ranges)
 .debug_ranges  0x00000000       0x18 .\CortexM3\ARM_GCC_493\Debug\main.o
 .debug_ranges  0x00000018       0x70 .\CortexM3\ARM_GCC_493\Debug\SWD_PhysicalLayer.o
 .debug_ranges  0x00000088       0x70 .\CortexM3\ARM_GCC_493\Debug\SWD_PacketLayer.o
 .debug_ranges  0x000000f8       0x90 .\CortexM3\ARM_GCC_493\Debug\ProgrammingSteps.o
 .debug_ranges  0x00000188       0x28 .\CortexM3\ARM_GCC_493\Debug\SWD_UpperPacketLayer.o
 .debug_ranges  0x000001b0       0x10 .\CortexM3\ARM_GCC_493\Debug\Timeout.o
 .debug_ranges  0x000001c0       0x38 .\CortexM3\ARM_GCC_493\Debug\DataFetch.o
 .debug_ranges  0x000001f8       0x38 .\CortexM3\ARM_GCC_493\Debug\Cm3Start.o
 .debug_ranges  0x00000230       0x50 .\CortexM3\ARM_GCC_493\Debug\Programmer.a(cyfitter_cfg.o)
 .debug_ranges  0x00000280       0x28 .\CortexM3\ARM_GCC_493\Debug\Programmer.a(Pin_SWDCK.o)
 .debug_ranges  0x000002a8       0x28 .\CortexM3\ARM_GCC_493\Debug\Programmer.a(Pin_XRES.o)
 .debug_ranges  0x000002d0       0x28 .\CortexM3\ARM_GCC_493\Debug\Programmer.a(Pin_SWDIO.o)
 .debug_ranges  0x000002f8       0x88 .\CortexM3\ARM_GCC_493\Debug\Programmer.a(LCD_Char.o)
 .debug_ranges  0x00000380       0x28 .\CortexM3\ARM_GCC_493\Debug\Programmer.a(Pin_Start.o)
 .debug_ranges  0x000003a8      0x290 .\CortexM3\ARM_GCC_493\Debug\Programmer.a(CyLib.o)
 .debug_ranges  0x00000638       0x88 .\CortexM3\ARM_GCC_493\Debug\Programmer.a(cyPm.o)
 .debug_ranges  0x000006c0       0x28 .\CortexM3\ARM_GCC_493\Debug\Programmer.a(LED_R.o)
 .debug_ranges  0x000006e8       0x28 .\CortexM3\ARM_GCC_493\Debug\Programmer.a(LED_G.o)
 .debug_ranges  0x00000710       0x28 .\CortexM3\ARM_GCC_493\Debug\Programmer.a(LED_B.o)
 .debug_ranges  0x00000738       0x68 .\CortexM3\ARM_GCC_493\Debug\Programmer.a(PWM.o)
 .debug_ranges  0x000007a0       0x28 .\CortexM3\ARM_GCC_493\Debug\Programmer.a(LED_R_GND.o)
 .debug_ranges  0x000007c8       0x18 .\CortexM3\ARM_GCC_493\Debug\Programmer.a(Control_Reg.o)
 .debug_ranges  0x000007e0       0x28 .\CortexM3\ARM_GCC_493\Debug\Programmer.a(Pin_Power.o)
 .debug_ranges  0x00000808       0x70 .\CortexM3\ARM_GCC_493\Debug\Programmer.a(CyFlash.o)
 .debug_ranges  0x00000878       0x68 .\CortexM3\ARM_GCC_493\Debug\Programmer.a(CySpc.o)

.comment        0x00000000       0x70
 .comment       0x00000000       0x70 .\CortexM3\ARM_GCC_493\Debug\main.o
                                 0x71 (size before relaxing)
 .comment       0x00000000       0x71 .\CortexM3\ARM_GCC_493\Debug\SWD_PhysicalLayer.o
 .comment       0x00000000       0x71 .\CortexM3\ARM_GCC_493\Debug\SWD_PacketLayer.o
 .comment       0x00000000       0x71 .\CortexM3\ARM_GCC_493\Debug\ProgrammingSteps.o
 .comment       0x00000000       0x71 .\CortexM3\ARM_GCC_493\Debug\SWD_UpperPacketLayer.o
 .comment       0x00000000       0x71 .\CortexM3\ARM_GCC_493\Debug\Timeout.o
 .comment       0x00000000       0x71 .\CortexM3\ARM_GCC_493\Debug\DataFetch.o
 .comment       0x00000000       0x71 .\CortexM3\ARM_GCC_493\Debug\HexImage.o
 .comment       0x00000000       0x71 .\CortexM3\ARM_GCC_493\Debug\cymetadata.o
 .comment       0x00000000       0x71 .\CortexM3\ARM_GCC_493\Debug\Cm3Start.o
 .comment       0x00000000       0x71 .\CortexM3\ARM_GCC_493\Debug\Programmer.a(cyfitter_cfg.o)
 .comment       0x00000000       0x71 .\CortexM3\ARM_GCC_493\Debug\Programmer.a(Pin_SWDCK.o)
 .comment       0x00000000       0x71 .\CortexM3\ARM_GCC_493\Debug\Programmer.a(Pin_XRES.o)
 .comment       0x00000000       0x71 .\CortexM3\ARM_GCC_493\Debug\Programmer.a(Pin_SWDIO.o)
 .comment       0x00000000       0x71 .\CortexM3\ARM_GCC_493\Debug\Programmer.a(LCD_Char.o)
 .comment       0x00000000       0x71 .\CortexM3\ARM_GCC_493\Debug\Programmer.a(Pin_Start.o)
 .comment       0x00000000       0x71 .\CortexM3\ARM_GCC_493\Debug\Programmer.a(CyLib.o)
 .comment       0x00000000       0x71 .\CortexM3\ARM_GCC_493\Debug\Programmer.a(cyPm.o)
 .comment       0x00000000       0x71 .\CortexM3\ARM_GCC_493\Debug\Programmer.a(LED_R.o)
 .comment       0x00000000       0x71 .\CortexM3\ARM_GCC_493\Debug\Programmer.a(LED_G.o)
 .comment       0x00000000       0x71 .\CortexM3\ARM_GCC_493\Debug\Programmer.a(LED_B.o)
 .comment       0x00000000       0x71 .\CortexM3\ARM_GCC_493\Debug\Programmer.a(PWM.o)
 .comment       0x00000000       0x71 .\CortexM3\ARM_GCC_493\Debug\Programmer.a(LED_R_GND.o)
 .comment       0x00000000       0x71 .\CortexM3\ARM_GCC_493\Debug\Programmer.a(Control_Reg.o)
 .comment       0x00000000       0x71 .\CortexM3\ARM_GCC_493\Debug\Programmer.a(Pin_Power.o)
 .comment       0x00000000       0x71 .\CortexM3\ARM_GCC_493\Debug\Programmer.a(CyFlash.o)
 .comment       0x00000000       0x71 .\CortexM3\ARM_GCC_493\Debug\Programmer.a(CySpc.o)

.debug_weaknames
 *(.debug_weaknames)

.debug_funcnames
 *(.debug_funcnames)

.debug_typenames
 *(.debug_typenames)

.debug_varnames
 *(.debug_varnames)

.note.gnu.arm.ident
 *(.note.gnu.arm.ident)

.ARM.attributes
                0x00000000       0x29
 *(.ARM.attributes)
 .ARM.attributes
                0x00000000       0x1d c:/program files/cypress/psoc creator/4.0/psoc creator/import/gnu/arm/4.9.3/bin/../lib/gcc/arm-none-eabi/4.9.3/armv7-m/crti.o
 .ARM.attributes
                0x0000001d       0x2d c:/program files/cypress/psoc creator/4.0/psoc creator/import/gnu/arm/4.9.3/bin/../lib/gcc/arm-none-eabi/4.9.3/armv7-m/crtbegin.o
 .ARM.attributes
                0x0000004a       0x1b c:/program files/cypress/psoc creator/4.0/psoc creator/import/gnu/arm/4.9.3/bin/../lib/gcc/arm-none-eabi/4.9.3/../../../../arm-none-eabi/lib/armv7-m/crt0.o
 .ARM.attributes
                0x00000065       0x33 .\CortexM3\ARM_GCC_493\Debug\main.o
 .ARM.attributes
                0x00000098       0x33 .\CortexM3\ARM_GCC_493\Debug\SWD_PhysicalLayer.o
 .ARM.attributes
                0x000000cb       0x33 .\CortexM3\ARM_GCC_493\Debug\SWD_PacketLayer.o
 .ARM.attributes
                0x000000fe       0x33 .\CortexM3\ARM_GCC_493\Debug\ProgrammingSteps.o
 .ARM.attributes
                0x00000131       0x33 .\CortexM3\ARM_GCC_493\Debug\SWD_UpperPacketLayer.o
 .ARM.attributes
                0x00000164       0x33 .\CortexM3\ARM_GCC_493\Debug\Timeout.o
 .ARM.attributes
                0x00000197       0x33 .\CortexM3\ARM_GCC_493\Debug\DataFetch.o
 .ARM.attributes
                0x000001ca       0x33 .\CortexM3\ARM_GCC_493\Debug\HexImage.o
 .ARM.attributes
                0x000001fd       0x33 .\CortexM3\ARM_GCC_493\Debug\cymetadata.o
 .ARM.attributes
                0x00000230       0x33 .\CortexM3\ARM_GCC_493\Debug\Cm3Start.o
 .ARM.attributes
                0x00000263       0x33 .\CortexM3\ARM_GCC_493\Debug\Programmer.a(cyfitter_cfg.o)
 .ARM.attributes
                0x00000296       0x33 .\CortexM3\ARM_GCC_493\Debug\Programmer.a(Pin_SWDCK.o)
 .ARM.attributes
                0x000002c9       0x33 .\CortexM3\ARM_GCC_493\Debug\Programmer.a(Pin_XRES.o)
 .ARM.attributes
                0x000002fc       0x33 .\CortexM3\ARM_GCC_493\Debug\Programmer.a(Pin_SWDIO.o)
 .ARM.attributes
                0x0000032f       0x33 .\CortexM3\ARM_GCC_493\Debug\Programmer.a(LCD_Char.o)
 .ARM.attributes
                0x00000362       0x33 .\CortexM3\ARM_GCC_493\Debug\Programmer.a(Pin_Start.o)
 .ARM.attributes
                0x00000395       0x33 .\CortexM3\ARM_GCC_493\Debug\Programmer.a(CyLib.o)
 .ARM.attributes
                0x000003c8       0x33 .\CortexM3\ARM_GCC_493\Debug\Programmer.a(cyPm.o)
 .ARM.attributes
                0x000003fb       0x33 .\CortexM3\ARM_GCC_493\Debug\Programmer.a(LED_R.o)
 .ARM.attributes
                0x0000042e       0x33 .\CortexM3\ARM_GCC_493\Debug\Programmer.a(LED_G.o)
 .ARM.attributes
                0x00000461       0x33 .\CortexM3\ARM_GCC_493\Debug\Programmer.a(LED_B.o)
 .ARM.attributes
                0x00000494       0x33 .\CortexM3\ARM_GCC_493\Debug\Programmer.a(PWM.o)
 .ARM.attributes
                0x000004c7       0x33 .\CortexM3\ARM_GCC_493\Debug\Programmer.a(LED_R_GND.o)
 .ARM.attributes
                0x000004fa       0x33 .\CortexM3\ARM_GCC_493\Debug\Programmer.a(Control_Reg.o)
 .ARM.attributes
                0x0000052d       0x33 .\CortexM3\ARM_GCC_493\Debug\Programmer.a(Pin_Power.o)
 .ARM.attributes
                0x00000560       0x21 .\CortexM3\ARM_GCC_493\Debug\Programmer.a(CyBootAsmGnu.o)
 .ARM.attributes
                0x00000581       0x33 .\CortexM3\ARM_GCC_493\Debug\Programmer.a(CyFlash.o)
 .ARM.attributes
                0x000005b4       0x33 .\CortexM3\ARM_GCC_493\Debug\Programmer.a(CySpc.o)
 .ARM.attributes
                0x000005e7       0x2d c:/program files/cypress/psoc creator/4.0/psoc creator/import/gnu/arm/4.9.3/bin/../lib/gcc/arm-none-eabi/4.9.3/../../../../arm-none-eabi/lib/armv7-m\libg_nano.a(lib_a-errno.o)
 .ARM.attributes
                0x00000614       0x2d c:/program files/cypress/psoc creator/4.0/psoc creator/import/gnu/arm/4.9.3/bin/../lib/gcc/arm-none-eabi/4.9.3/../../../../arm-none-eabi/lib/armv7-m\libg_nano.a(lib_a-exit.o)
 .ARM.attributes
                0x00000641       0x2d c:/program files/cypress/psoc creator/4.0/psoc creator/import/gnu/arm/4.9.3/bin/../lib/gcc/arm-none-eabi/4.9.3/../../../../arm-none-eabi/lib/armv7-m\libg_nano.a(lib_a-impure.o)
 .ARM.attributes
                0x0000066e       0x2d c:/program files/cypress/psoc creator/4.0/psoc creator/import/gnu/arm/4.9.3/bin/../lib/gcc/arm-none-eabi/4.9.3/../../../../arm-none-eabi/lib/armv7-m\libg_nano.a(lib_a-init.o)
 .ARM.attributes
                0x0000069b       0x2d c:/program files/cypress/psoc creator/4.0/psoc creator/import/gnu/arm/4.9.3/bin/../lib/gcc/arm-none-eabi/4.9.3/../../../../arm-none-eabi/lib/armv7-m\libg_nano.a(lib_a-memcpy.o)
 .ARM.attributes
                0x000006c8       0x2d c:/program files/cypress/psoc creator/4.0/psoc creator/import/gnu/arm/4.9.3/bin/../lib/gcc/arm-none-eabi/4.9.3/../../../../arm-none-eabi/lib/armv7-m\libg_nano.a(lib_a-memset.o)
 .ARM.attributes
                0x000006f5       0x2d c:/program files/cypress/psoc creator/4.0/psoc creator/import/gnu/arm/4.9.3/bin/../lib/gcc/arm-none-eabi/4.9.3/armv7-m/crtend.o
 .ARM.attributes
                0x00000722       0x1d c:/program files/cypress/psoc creator/4.0/psoc creator/import/gnu/arm/4.9.3/bin/../lib/gcc/arm-none-eabi/4.9.3/armv7-m/crtn.o

/DISCARD/
 *(.note.GNU-stack)
OUTPUT(.\CortexM3\ARM_GCC_493\Debug\Programmer.elf elf32-littlearm)
